../Core/Src/main.c:84:5:contains	16	static
../Core/Src/main.c:92:8:jaro_winkler_similarity	80	static
../Core/Src/main.c:130:5:countWords	24	static
../Core/Src/main.c:142:6:blink_led	24	static
../Core/Src/main.c:151:6:HAL_UART_RxCpltCallback	32	static
../Core/Src/main.c:211:5:main	8	static
../Core/Src/main.c:260:6:SystemClock_Config	128	static
../Core/Src/main.c:311:13:MX_I2C1_Init	8	static
../Core/Src/main.c:359:13:MX_SPI1_Init	8	static
../Core/Src/main.c:399:13:MX_TIM2_Init	40	static
../Core/Src/main.c:444:13:MX_USART1_UART_Init	8	static
../Core/Src/main.c:479:13:MX_USB_PCD_Init	8	static
../Core/Src/main.c:510:13:MX_GPIO_Init	56	static
../Core/Src/main.c:575:6:Error_Handler	4	static,ignoring_inline_asm
