../Core/Src/stm32f3xx_it.c:55:6:num1	24	static
../Core/Src/stm32f3xx_it.c:67:6:num2	24	static
../Core/Src/stm32f3xx_it.c:79:6:num3	24	static
../Core/Src/stm32f3xx_it.c:90:6:num4	24	static
../Core/Src/stm32f3xx_it.c:102:5:decimalToBinary	40	static
../Core/Src/stm32f3xx_it.c:134:6:NMI_Handler	4	static
../Core/Src/stm32f3xx_it.c:149:6:HardFault_Handler	4	static
../Core/Src/stm32f3xx_it.c:164:6:MemManage_Handler	4	static
../Core/Src/stm32f3xx_it.c:179:6:BusFault_Handler	4	static
../Core/Src/stm32f3xx_it.c:194:6:UsageFault_Handler	4	static
../Core/Src/stm32f3xx_it.c:209:6:SVC_Handler	4	static
../Core/Src/stm32f3xx_it.c:222:6:DebugMon_Handler	4	static
../Core/Src/stm32f3xx_it.c:235:6:PendSV_Handler	4	static
../Core/Src/stm32f3xx_it.c:248:6:SysTick_Handler	8	static
../Core/Src/stm32f3xx_it.c:269:6:TIM2_IRQHandler	8	static
