../Core/Src/main.c:91:5:contains	16	static
../Core/Src/main.c:100:8:jaro_winkler_similarity	80	static
../Core/Src/main.c:141:5:countWords	24	static
../Core/Src/main.c:164:6:HAL_UART_RxCpltCallback	16	static
../Core/Src/main.c:244:5:main	8	static
../Core/Src/main.c:296:6:SystemClock_Config	128	static
../Core/Src/main.c:347:13:MX_I2C1_Init	8	static
../Core/Src/main.c:395:13:MX_SPI1_Init	8	static
../Core/Src/main.c:435:13:MX_TIM2_Init	40	static
../Core/Src/main.c:480:13:MX_TIM4_Init	40	static
../Core/Src/main.c:525:13:MX_USART1_UART_Init	8	static
../Core/Src/main.c:560:13:MX_USB_PCD_Init	8	static
../Core/Src/main.c:591:13:MX_GPIO_Init	56	static
../Core/Src/main.c:656:6:Error_Handler	4	static,ignoring_inline_asm
