../Core/Src/stm32f3xx_it.c:64:6:num1	24	static
../Core/Src/stm32f3xx_it.c:76:6:num2	24	static
../Core/Src/stm32f3xx_it.c:88:6:num3	24	static
../Core/Src/stm32f3xx_it.c:99:6:num4	24	static
../Core/Src/stm32f3xx_it.c:111:5:decimalToBinary	40	static
../Core/Src/stm32f3xx_it.c:146:6:NMI_Handler	4	static
../Core/Src/stm32f3xx_it.c:161:6:HardFault_Handler	4	static
../Core/Src/stm32f3xx_it.c:176:6:MemManage_Handler	4	static
../Core/Src/stm32f3xx_it.c:191:6:BusFault_Handler	4	static
../Core/Src/stm32f3xx_it.c:206:6:UsageFault_Handler	4	static
../Core/Src/stm32f3xx_it.c:221:6:SVC_Handler	4	static
../Core/Src/stm32f3xx_it.c:234:6:DebugMon_Handler	4	static
../Core/Src/stm32f3xx_it.c:247:6:PendSV_Handler	4	static
../Core/Src/stm32f3xx_it.c:260:6:SysTick_Handler	8	static
../Core/Src/stm32f3xx_it.c:281:6:TIM2_IRQHandler	40	static
../Core/Src/stm32f3xx_it.c:318:6:TIM4_IRQHandler	8	static
../Core/Src/stm32f3xx_it.c:374:6:USART1_IRQHandler	8	static
