../Core/Src/main.c:79:5:contains	16	static
../Core/Src/main.c:87:6:HAL_UART_RxCpltCallback	24	static
../Core/Src/main.c:175:5:main	8	static
../Core/Src/main.c:230:6:SystemClock_Config	128	static
../Core/Src/main.c:281:13:MX_I2C1_Init	8	static
../Core/Src/main.c:329:13:MX_SPI1_Init	8	static
../Core/Src/main.c:369:13:MX_TIM4_Init	40	static
../Core/Src/main.c:414:13:MX_USART1_UART_Init	8	static
../Core/Src/main.c:449:13:MX_USB_PCD_Init	8	static
../Core/Src/main.c:480:13:MX_GPIO_Init	48	static
../Core/Src/main.c:533:6:Error_Handler	4	static,ignoring_inline_asm
