Archive member included to satisfy reference by file (symbol)

c:/st/stm32cubeide_1.11.2/stm32cubeide/plugins/com.st.stm32cube.ide.mcu.externaltools.gnu-tools-for-stm32.10.3-2021.10.win32_1.0.100.202210260954/tools/bin/../lib/gcc/arm-none-eabi/10.3.1/../../../../arm-none-eabi/lib/thumb/v7e-m+fp/hard\libc_nano.a(lib_a-errno.o)
                              ./Core/Src/syscalls.o (__errno)
c:/st/stm32cubeide_1.11.2/stm32cubeide/plugins/com.st.stm32cube.ide.mcu.externaltools.gnu-tools-for-stm32.10.3-2021.10.win32_1.0.100.202210260954/tools/bin/../lib/gcc/arm-none-eabi/10.3.1/../../../../arm-none-eabi/lib/thumb/v7e-m+fp/hard\libc_nano.a(lib_a-exit.o)
                              c:/st/stm32cubeide_1.11.2/stm32cubeide/plugins/com.st.stm32cube.ide.mcu.externaltools.gnu-tools-for-stm32.10.3-2021.10.win32_1.0.100.202210260954/tools/bin/../lib/gcc/arm-none-eabi/10.3.1/../../../../arm-none-eabi/lib/thumb/v7e-m+fp/hard/crt0.o (exit)
c:/st/stm32cubeide_1.11.2/stm32cubeide/plugins/com.st.stm32cube.ide.mcu.externaltools.gnu-tools-for-stm32.10.3-2021.10.win32_1.0.100.202210260954/tools/bin/../lib/gcc/arm-none-eabi/10.3.1/../../../../arm-none-eabi/lib/thumb/v7e-m+fp/hard\libc_nano.a(lib_a-impure.o)
                              c:/st/stm32cubeide_1.11.2/stm32cubeide/plugins/com.st.stm32cube.ide.mcu.externaltools.gnu-tools-for-stm32.10.3-2021.10.win32_1.0.100.202210260954/tools/bin/../lib/gcc/arm-none-eabi/10.3.1/../../../../arm-none-eabi/lib/thumb/v7e-m+fp/hard\libc_nano.a(lib_a-exit.o) (_global_impure_ptr)
c:/st/stm32cubeide_1.11.2/stm32cubeide/plugins/com.st.stm32cube.ide.mcu.externaltools.gnu-tools-for-stm32.10.3-2021.10.win32_1.0.100.202210260954/tools/bin/../lib/gcc/arm-none-eabi/10.3.1/../../../../arm-none-eabi/lib/thumb/v7e-m+fp/hard\libc_nano.a(lib_a-init.o)
                              c:/st/stm32cubeide_1.11.2/stm32cubeide/plugins/com.st.stm32cube.ide.mcu.externaltools.gnu-tools-for-stm32.10.3-2021.10.win32_1.0.100.202210260954/tools/bin/../lib/gcc/arm-none-eabi/10.3.1/../../../../arm-none-eabi/lib/thumb/v7e-m+fp/hard/crt0.o (__libc_init_array)
c:/st/stm32cubeide_1.11.2/stm32cubeide/plugins/com.st.stm32cube.ide.mcu.externaltools.gnu-tools-for-stm32.10.3-2021.10.win32_1.0.100.202210260954/tools/bin/../lib/gcc/arm-none-eabi/10.3.1/../../../../arm-none-eabi/lib/thumb/v7e-m+fp/hard\libc_nano.a(lib_a-memset.o)
                              c:/st/stm32cubeide_1.11.2/stm32cubeide/plugins/com.st.stm32cube.ide.mcu.externaltools.gnu-tools-for-stm32.10.3-2021.10.win32_1.0.100.202210260954/tools/bin/../lib/gcc/arm-none-eabi/10.3.1/../../../../arm-none-eabi/lib/thumb/v7e-m+fp/hard/crt0.o (memset)
c:/st/stm32cubeide_1.11.2/stm32cubeide/plugins/com.st.stm32cube.ide.mcu.externaltools.gnu-tools-for-stm32.10.3-2021.10.win32_1.0.100.202210260954/tools/bin/../lib/gcc/arm-none-eabi/10.3.1/../../../../arm-none-eabi/lib/thumb/v7e-m+fp/hard\libc_nano.a(lib_a-strlen.o)
                              ./Core/Src/LiquidCrystal.o (strlen)

Discarded input sections

 .text          0x0000000000000000        0x0 c:/st/stm32cubeide_1.11.2/stm32cubeide/plugins/com.st.stm32cube.ide.mcu.externaltools.gnu-tools-for-stm32.10.3-2021.10.win32_1.0.100.202210260954/tools/bin/../lib/gcc/arm-none-eabi/10.3.1/thumb/v7e-m+fp/hard/crti.o
 .data          0x0000000000000000        0x0 c:/st/stm32cubeide_1.11.2/stm32cubeide/plugins/com.st.stm32cube.ide.mcu.externaltools.gnu-tools-for-stm32.10.3-2021.10.win32_1.0.100.202210260954/tools/bin/../lib/gcc/arm-none-eabi/10.3.1/thumb/v7e-m+fp/hard/crti.o
 .bss           0x0000000000000000        0x0 c:/st/stm32cubeide_1.11.2/stm32cubeide/plugins/com.st.stm32cube.ide.mcu.externaltools.gnu-tools-for-stm32.10.3-2021.10.win32_1.0.100.202210260954/tools/bin/../lib/gcc/arm-none-eabi/10.3.1/thumb/v7e-m+fp/hard/crti.o
 .data          0x0000000000000000        0x4 c:/st/stm32cubeide_1.11.2/stm32cubeide/plugins/com.st.stm32cube.ide.mcu.externaltools.gnu-tools-for-stm32.10.3-2021.10.win32_1.0.100.202210260954/tools/bin/../lib/gcc/arm-none-eabi/10.3.1/thumb/v7e-m+fp/hard/crtbegin.o
 .rodata        0x0000000000000000       0x24 c:/st/stm32cubeide_1.11.2/stm32cubeide/plugins/com.st.stm32cube.ide.mcu.externaltools.gnu-tools-for-stm32.10.3-2021.10.win32_1.0.100.202210260954/tools/bin/../lib/gcc/arm-none-eabi/10.3.1/thumb/v7e-m+fp/hard/crtbegin.o
 .text          0x0000000000000000       0x7c c:/st/stm32cubeide_1.11.2/stm32cubeide/plugins/com.st.stm32cube.ide.mcu.externaltools.gnu-tools-for-stm32.10.3-2021.10.win32_1.0.100.202210260954/tools/bin/../lib/gcc/arm-none-eabi/10.3.1/../../../../arm-none-eabi/lib/thumb/v7e-m+fp/hard/crt0.o
 .data          0x0000000000000000        0x0 c:/st/stm32cubeide_1.11.2/stm32cubeide/plugins/com.st.stm32cube.ide.mcu.externaltools.gnu-tools-for-stm32.10.3-2021.10.win32_1.0.100.202210260954/tools/bin/../lib/gcc/arm-none-eabi/10.3.1/../../../../arm-none-eabi/lib/thumb/v7e-m+fp/hard/crt0.o
[...]
Memory Configuration

Name             Origin             Length             Attributes
CCMRAM           0x0000000010000000 0x0000000000002000 xrw
RAM              0x0000000020000000 0x000000000000a000 xrw
FLASH            0x0000000008000000 0x0000000000040000 xr
*default*        0x0000000000000000 0xffffffffffffffff

Linker script and memory map

LOAD c:/st/stm32cubeide_1.11.2/stm32cubeide/plugins/com.st.stm32cube.ide.mcu.externaltools.gnu-tools-for-stm32.10.3-2021.10.win32_1.0.100.202210260954/tools/bin/../lib/gcc/arm-none-eabi/10.3.1/thumb/v7e-m+fp/hard/crti.o
LOAD c:/st/stm32cubeide_1.11.2/stm32cubeide/plugins/com.st.stm32cube.ide.mcu.externaltools.gnu-tools-for-stm32.10.3-2021.10.win32_1.0.100.202210260954/tools/bin/../lib/gcc/arm-none-eabi/10.3.1/thumb/v7e-m+fp/hard/crtbegin.o
LOAD c:/st/stm32cubeide_1.11.2/stm32cubeide/plugins/com.st.stm32cube.ide.mcu.externaltools.gnu-tools-for-stm32.10.3-2021.10.win32_1.0.100.202210260954/tools/bin/../lib/gcc/arm-none-eabi/10.3.1/../../../../arm-none-eabi/lib/thumb/v7e-m+fp/hard/crt0.o
LOAD ./Core/Src/LiquidCrystal.o
LOAD ./Core/Src/main.o
LOAD ./Core/Src/stm32f3xx_hal_msp.o
LOAD ./Core/Src/stm32f3xx_it.o
LOAD ./Core/Src/syscalls.o
LOAD ./Core/Src/sysmem.o
LOAD ./Core/Src/system_stm32f3xx.o
LOAD ./Core/Startup/startup_stm32f303vctx.o
LOAD ./Drivers/STM32F3xx_HAL_Driver/Src/stm32f3xx_hal.o
LOAD ./Drivers/STM32F3xx_HAL_Driver/Src/stm32f3xx_hal_cortex.o
LOAD ./Drivers/STM32F3xx_HAL_Driver/Src/stm32f3xx_hal_dma.o
LOAD ./Drivers/STM32F3xx_HAL_Driver/Src/stm32f3xx_hal_exti.o
LOAD ./Drivers/STM32F3xx_HAL_Driver/Src/stm32f3xx_hal_flash.o
LOAD ./Drivers/STM32F3xx_HAL_Driver/Src/stm32f3xx_hal_flash_ex.o
LOAD ./Drivers/STM32F3xx_HAL_Driver/Src/stm32f3xx_hal_gpio.o
LOAD ./Drivers/STM32F3xx_HAL_Driver/Src/stm32f3xx_hal_i2c.o
LOAD ./Drivers/STM32F3xx_HAL_Driver/Src/stm32f3xx_hal_i2c_ex.o
LOAD ./Drivers/STM32F3xx_HAL_Driver/Src/stm32f3xx_hal_pcd.o
LOAD ./Drivers/STM32F3xx_HAL_Driver/Src/stm32f3xx_hal_pcd_ex.o
LOAD ./Drivers/STM32F3xx_HAL_Driver/Src/stm32f3xx_hal_pwr.o
LOAD ./Drivers/STM32F3xx_HAL_Driver/Src/stm32f3xx_hal_pwr_ex.o
LOAD ./Drivers/STM32F3xx_HAL_Driver/Src/stm32f3xx_hal_rcc.o
LOAD ./Drivers/STM32F3xx_HAL_Driver/Src/stm32f3xx_hal_rcc_ex.o
LOAD ./Drivers/STM32F3xx_HAL_Driver/Src/stm32f3xx_hal_spi.o
LOAD ./Drivers/STM32F3xx_HAL_Driver/Src/stm32f3xx_hal_spi_ex.o
LOAD ./Drivers/STM32F3xx_HAL_Driver/Src/stm32f3xx_hal_tim.o
LOAD ./Drivers/STM32F3xx_HAL_Driver/Src/stm32f3xx_hal_tim_ex.o
LOAD ./Drivers/STM32F3xx_HAL_Driver/Src/stm32f3xx_ll_usb.o
START GROUP
LOAD c:/st/stm32cubeide_1.11.2/stm32cubeide/plugins/com.st.stm32cube.ide.mcu.externaltools.gnu-tools-for-stm32.10.3-2021.10.win32_1.0.100.202210260954/tools/bin/../lib/gcc/arm-none-eabi/10.3.1/../../../../arm-none-eabi/lib/thumb/v7e-m+fp/hard\libc_nano.a
LOAD c:/st/stm32cubeide_1.11.2/stm32cubeide/plugins/com.st.stm32cube.ide.mcu.externaltools.gnu-tools-for-stm32.10.3-2021.10.win32_1.0.100.202210260954/tools/bin/../lib/gcc/arm-none-eabi/10.3.1/../../../../arm-none-eabi/lib/thumb/v7e-m+fp/hard\libm.a
END GROUP
START GROUP
LOAD c:/st/stm32cubeide_1.11.2/stm32cubeide/plugins/com.st.stm32cube.ide.mcu.externaltools.gnu-tools-for-stm32.10.3-2021.10.win32_1.0.100.202210260954/tools/bin/../lib/gcc/arm-none-eabi/10.3.1/thumb/v7e-m+fp/hard\libgcc.a
LOAD c:/st/stm32cubeide_1.11.2/stm32cubeide/plugins/com.st.stm32cube.ide.mcu.externaltools.gnu-tools-for-stm32.10.3-2021.10.win32_1.0.100.202210260954/tools/bin/../lib/gcc/arm-none-eabi/10.3.1/../../../../arm-none-eabi/lib/thumb/v7e-m+fp/hard\libc_nano.a
END GROUP
START GROUP
LOAD c:/st/stm32cubeide_1.11.2/stm32cubeide/plugins/com.st.stm32cube.ide.mcu.externaltools.gnu-tools-for-stm32.10.3-2021.10.win32_1.0.100.202210260954/tools/bin/../lib/gcc/arm-none-eabi/10.3.1/thumb/v7e-m+fp/hard\libgcc.a
LOAD c:/st/stm32cubeide_1.11.2/stm32cubeide/plugins/com.st.stm32cube.ide.mcu.externaltools.gnu-tools-for-stm32.10.3-2021.10.win32_1.0.100.202210260954/tools/bin/../lib/gcc/arm-none-eabi/10.3.1/../../../../arm-none-eabi/lib/thumb/v7e-m+fp/hard\libc_nano.a
LOAD c:/st/stm32cubeide_1.11.2/stm32cubeide/plugins/com.st.stm32cube.ide.mcu.externaltools.gnu-tools-for-stm32.10.3-2021.10.win32_1.0.100.202210260954/tools/bin/../lib/gcc/arm-none-eabi/10.3.1/../../../../arm-none-eabi/lib/thumb/v7e-m+fp/hard\libnosys.a
END GROUP
START GROUP
LOAD c:/st/stm32cubeide_1.11.2/stm32cubeide/plugins/com.st.stm32cube.ide.mcu.externaltools.gnu-tools-for-stm32.10.3-2021.10.win32_1.0.100.202210260954/tools/bin/../lib/gcc/arm-none-eabi/10.3.1/thumb/v7e-m+fp/hard\libgcc.a
LOAD c:/st/stm32cubeide_1.11.2/stm32cubeide/plugins/com.st.stm32cube.ide.mcu.externaltools.gnu-tools-for-stm32.10.3-2021.10.win32_1.0.100.202210260954/tools/bin/../lib/gcc/arm-none-eabi/10.3.1/../../../../arm-none-eabi/lib/thumb/v7e-m+fp/hard\libc_nano.a
LOAD c:/st/stm32cubeide_1.11.2/stm32cubeide/plugins/com.st.stm32cube.ide.mcu.externaltools.gnu-tools-for-stm32.10.3-2021.10.win32_1.0.100.202210260954/tools/bin/../lib/gcc/arm-none-eabi/10.3.1/../../../../arm-none-eabi/lib/thumb/v7e-m+fp/hard\libnosys.a
END GROUP
LOAD c:/st/stm32cubeide_1.11.2/stm32cubeide/plugins/com.st.stm32cube.ide.mcu.externaltools.gnu-tools-for-stm32.10.3-2021.10.win32_1.0.100.202210260954/tools/bin/../lib/gcc/arm-none-eabi/10.3.1/thumb/v7e-m+fp/hard/crtend.o
LOAD c:/st/stm32cubeide_1.11.2/stm32cubeide/plugins/com.st.stm32cube.ide.mcu.externaltools.gnu-tools-for-stm32.10.3-2021.10.win32_1.0.100.202210260954/tools/bin/../lib/gcc/arm-none-eabi/10.3.1/thumb/v7e-m+fp/hard/crtn.o
                0x000000002000a000                _estack = (ORIGIN (RAM) + LENGTH (RAM))
                0x0000000000000200                _Min_Heap_Size = 0x200
                0x0000000000000400                _Min_Stack_Size = 0x400

.isr_vector     0x0000000008000000      0x188
                0x0000000008000000                . = ALIGN (0x4)
 *(.isr_vector)
 .isr_vector    0x0000000008000000      0x188 ./Core/Startup/startup_stm32f303vctx.o
                0x0000000008000000                g_pfnVectors
                0x0000000008000188                . = ALIGN (0x4)

.text           0x0000000008000188     0x3144
                0x0000000008000188                . = ALIGN (0x4)
 *(.text)
 .text          0x0000000008000188       0x40 c:/st/stm32cubeide_1.11.2/stm32cubeide/plugins/com.st.stm32cube.ide.mcu.externaltools.gnu-tools-for-stm32.10.3-2021.10.win32_1.0.100.202210260954/tools/bin/../lib/gcc/arm-none-eabi/10.3.1/thumb/v7e-m+fp/hard/crtbegin.o
 .text          0x00000000080001c8       0x10 c:/st/stm32cubeide_1.11.2/stm32cubeide/plugins/com.st.stm32cube.ide.mcu.externaltools.gnu-tools-for-stm32.10.3-2021.10.win32_1.0.100.202210260954/tools/bin/../lib/gcc/arm-none-eabi/10.3.1/../../../../arm-none-eabi/lib/thumb/v7e-m+fp/hard\libc_nano.a(lib_a-strlen.o)
                0x00000000080001c8                strlen
 *(.text*)
 .text.LiquidCrystal
                0x00000000080001d8       0x94 ./Core/Src/LiquidCrystal.o
                0x00000000080001d8                LiquidCrystal
 .text.init     0x000000000800026c       0x9c ./Core/Src/LiquidCrystal.o
                0x000000000800026c                init
 .text.begin    0x0000000008000308      0x220 ./Core/Src/LiquidCrystal.o
                0x0000000008000308                begin
 .text.enableClock
                0x0000000008000528      0x128 ./Core/Src/LiquidCrystal.o
                0x0000000008000528                enableClock
 .text.setRowOffsets
                0x0000000008000650       0x40 ./Core/Src/LiquidCrystal.o
                0x0000000008000650                setRowOffsets
 .text.clear    0x0000000008000690       0x14 ./Core/Src/LiquidCrystal.o
                0x0000000008000690                clear
 .text.display  0x00000000080006a4       0x2c ./Core/Src/LiquidCrystal.o
                0x00000000080006a4                display
 .text.print    0x00000000080006d0       0x56 ./Core/Src/LiquidCrystal.o
                0x00000000080006d0                print
 .text.command  0x0000000008000726       0x1c ./Core/Src/LiquidCrystal.o
                0x0000000008000726                command
 .text.write    0x0000000008000742       0x1e ./Core/Src/LiquidCrystal.o
                0x0000000008000742                write
 .text.send     0x0000000008000760       0x7c ./Core/Src/LiquidCrystal.o
                0x0000000008000760                send
 .text.pulseEnable
                0x00000000080007dc       0x54 ./Core/Src/LiquidCrystal.o
                0x00000000080007dc                pulseEnable
 .text.write4bits
                0x0000000008000830       0x54 ./Core/Src/LiquidCrystal.o
                0x0000000008000830                write4bits
 .text.write8bits
                0x0000000008000884       0x54 ./Core/Src/LiquidCrystal.o
                0x0000000008000884                write8bits
 .text.main     0x00000000080008d8       0x64 ./Core/Src/main.o
                0x00000000080008d8                main
 .text.SystemClock_Config
                0x000000000800093c       0xc4 ./Core/Src/main.o
                0x000000000800093c                SystemClock_Config
 .text.MX_I2C1_Init
                0x0000000008000a00       0x80 ./Core/Src/main.o
 .text.MX_SPI1_Init
                0x0000000008000a80       0x7c ./Core/Src/main.o
 .text.MX_USB_PCD_Init
                0x0000000008000afc       0x44 ./Core/Src/main.o
 .text.MX_GPIO_Init
                0x0000000008000b40       0xfc ./Core/Src/main.o
 .text.Error_Handler
                0x0000000008000c3c        0xa ./Core/Src/main.o
                0x0000000008000c3c                Error_Handler
 *fill*         0x0000000008000c46        0x2 
 .text.HAL_MspInit
                0x0000000008000c48       0x48 ./Core/Src/stm32f3xx_hal_msp.o
                0x0000000008000c48                HAL_MspInit
 .text.HAL_I2C_MspInit
                0x0000000008000c90       0x88 ./Core/Src/stm32f3xx_hal_msp.o
                0x0000000008000c90                HAL_I2C_MspInit
 .text.HAL_SPI_MspInit
                0x0000000008000d18       0x84 ./Core/Src/stm32f3xx_hal_msp.o
                0x0000000008000d18                HAL_SPI_MspInit
 .text.HAL_PCD_MspInit
                0x0000000008000d9c       0x88 ./Core/Src/stm32f3xx_hal_msp.o
                0x0000000008000d9c                HAL_PCD_MspInit
 .text.NMI_Handler
                0x0000000008000e24        0x6 ./Core/Src/stm32f3xx_it.o
                0x0000000008000e24                NMI_Handler
 .text.HardFault_Handler
                0x0000000008000e2a        0x6 ./Core/Src/stm32f3xx_it.o
                0x0000000008000e2a                HardFault_Handler
 .text.MemManage_Handler
                0x0000000008000e30        0x6 ./Core/Src/stm32f3xx_it.o
                0x0000000008000e30                MemManage_Handler
 .text.BusFault_Handler
                0x0000000008000e36        0x6 ./Core/Src/stm32f3xx_it.o
                0x0000000008000e36                BusFault_Handler
 .text.UsageFault_Handler
                0x0000000008000e3c        0x6 ./Core/Src/stm32f3xx_it.o
                0x0000000008000e3c                UsageFault_Handler
 .text.SVC_Handler
                0x0000000008000e42        0xe ./Core/Src/stm32f3xx_it.o
                0x0000000008000e42                SVC_Handler
 .text.DebugMon_Handler
                0x0000000008000e50        0xe ./Core/Src/stm32f3xx_it.o
                0x0000000008000e50                DebugMon_Handler
 .text.PendSV_Handler
                0x0000000008000e5e        0xe ./Core/Src/stm32f3xx_it.o
                0x0000000008000e5e                PendSV_Handler
 .text.SysTick_Handler
                0x0000000008000e6c        0xc ./Core/Src/stm32f3xx_it.o
                0x0000000008000e6c                SysTick_Handler
 .text.SystemInit
                0x0000000008000e78       0x24 ./Core/Src/system_stm32f3xx.o
                0x0000000008000e78                SystemInit
 .text.Reset_Handler
                0x0000000008000e9c       0x50 ./Core/Startup/startup_stm32f303vctx.o
                0x0000000008000e9c                Reset_Handler
 .text.Default_Handler
                0x0000000008000eec        0x2 ./Core/Startup/startup_stm32f303vctx.o
                0x0000000008000eec                RTC_Alarm_IRQHandler
                0x0000000008000eec                TIM8_TRG_COM_IRQHandler
                0x0000000008000eec                TIM8_CC_IRQHandler
                0x0000000008000eec                TIM1_CC_IRQHandler
                0x0000000008000eec                USB_HP_IRQHandler
                0x0000000008000eec                PVD_IRQHandler
                0x0000000008000eec                TAMP_STAMP_IRQHandler
                0x0000000008000eec                EXTI3_IRQHandler
                0x0000000008000eec                USB_HP_CAN_TX_IRQHandler
                0x0000000008000eec                EXTI0_IRQHandler
                0x0000000008000eec                I2C2_EV_IRQHandler
                0x0000000008000eec                FPU_IRQHandler
                0x0000000008000eec                TIM1_UP_TIM16_IRQHandler
                0x0000000008000eec                ADC1_2_IRQHandler
                0x0000000008000eec                SPI1_IRQHandler
                0x0000000008000eec                CAN_SCE_IRQHandler
                0x0000000008000eec                TIM6_DAC_IRQHandler
                0x0000000008000eec                TIM8_UP_IRQHandler
                0x0000000008000eec                DMA2_Channel2_IRQHandler
                0x0000000008000eec                DMA1_Channel4_IRQHandler
                0x0000000008000eec                USART3_IRQHandler
                0x0000000008000eec                DMA1_Channel7_IRQHandler
                0x0000000008000eec                UART5_IRQHandler
                0x0000000008000eec                ADC3_IRQHandler
                0x0000000008000eec                TIM4_IRQHandler
                0x0000000008000eec                CAN_RX1_IRQHandler
                0x0000000008000eec                DMA2_Channel1_IRQHandler
                0x0000000008000eec                I2C1_EV_IRQHandler
                0x0000000008000eec                DMA1_Channel6_IRQHandler
                0x0000000008000eec                UART4_IRQHandler
                0x0000000008000eec                DMA2_Channel4_IRQHandler
                0x0000000008000eec                TIM3_IRQHandler
                0x0000000008000eec                RCC_IRQHandler
                0x0000000008000eec                DMA1_Channel1_IRQHandler
                0x0000000008000eec                Default_Handler
                0x0000000008000eec                USBWakeUp_RMP_IRQHandler
                0x0000000008000eec                EXTI15_10_IRQHandler
                0x0000000008000eec                TIM7_IRQHandler
                0x0000000008000eec                EXTI9_5_IRQHandler
                0x0000000008000eec                RTC_WKUP_IRQHandler
                0x0000000008000eec                SPI2_IRQHandler
                0x0000000008000eec                USB_LP_CAN_RX0_IRQHandler
                0x0000000008000eec                DMA2_Channel5_IRQHandler
                0x0000000008000eec                DMA1_Channel5_IRQHandler
                0x0000000008000eec                USB_LP_IRQHandler
                0x0000000008000eec                EXTI4_IRQHandler
                0x0000000008000eec                TIM1_TRG_COM_TIM17_IRQHandler
                0x0000000008000eec                DMA1_Channel3_IRQHandler
                0x0000000008000eec                ADC4_IRQHandler
                0x0000000008000eec                WWDG_IRQHandler
                0x0000000008000eec                TIM2_IRQHandler
                0x0000000008000eec                COMP7_IRQHandler
                0x0000000008000eec                COMP1_2_3_IRQHandler
                0x0000000008000eec                EXTI1_IRQHandler
                0x0000000008000eec                USART2_IRQHandler
                0x0000000008000eec                COMP4_5_6_IRQHandler
                0x0000000008000eec                I2C2_ER_IRQHandler
                0x0000000008000eec                DMA1_Channel2_IRQHandler
                0x0000000008000eec                TIM8_BRK_IRQHandler
                0x0000000008000eec                FLASH_IRQHandler
                0x0000000008000eec                USART1_IRQHandler
                0x0000000008000eec                SPI3_IRQHandler
                0x0000000008000eec                I2C1_ER_IRQHandler
                0x0000000008000eec                USBWakeUp_IRQHandler
                0x0000000008000eec                DMA2_Channel3_IRQHandler
                0x0000000008000eec                EXTI2_TSC_IRQHandler
                0x0000000008000eec                TIM1_BRK_TIM15_IRQHandler
 *fill*         0x0000000008000eee        0x2 
 .text.HAL_Init
                0x0000000008000ef0       0x2c ./Drivers/STM32F3xx_HAL_Driver/Src/stm32f3xx_hal.o
                0x0000000008000ef0                HAL_Init
 .text.HAL_InitTick
                0x0000000008000f1c       0x60 ./Drivers/STM32F3xx_HAL_Driver/Src/stm32f3xx_hal.o
                0x0000000008000f1c                HAL_InitTick
 .text.HAL_IncTick
                0x0000000008000f7c       0x28 ./Drivers/STM32F3xx_HAL_Driver/Src/stm32f3xx_hal.o
                0x0000000008000f7c                HAL_IncTick
 .text.HAL_GetTick
                0x0000000008000fa4       0x18 ./Drivers/STM32F3xx_HAL_Driver/Src/stm32f3xx_hal.o
                0x0000000008000fa4                HAL_GetTick
 .text.HAL_Delay
                0x0000000008000fbc       0x48 ./Drivers/STM32F3xx_HAL_Driver/Src/stm32f3xx_hal.o
                0x0000000008000fbc                HAL_Delay
 .text.__NVIC_SetPriorityGrouping
                0x0000000008001004       0x48 ./Drivers/STM32F3xx_HAL_Driver/Src/stm32f3xx_hal_cortex.o
 .text.__NVIC_GetPriorityGrouping
                0x000000000800104c       0x1c ./Drivers/STM32F3xx_HAL_Driver/Src/stm32f3xx_hal_cortex.o
 .text.__NVIC_SetPriority
                0x0000000008001068       0x54 ./Drivers/STM32F3xx_HAL_Driver/Src/stm32f3xx_hal_cortex.o
 .text.NVIC_EncodePriority
                0x00000000080010bc       0x66 ./Drivers/STM32F3xx_HAL_Driver/Src/stm32f3xx_hal_cortex.o
 *fill*         0x0000000008001122        0x2 
 .text.SysTick_Config
                0x0000000008001124       0x44 ./Drivers/STM32F3xx_HAL_Driver/Src/stm32f3xx_hal_cortex.o
 .text.HAL_NVIC_SetPriorityGrouping
                0x0000000008001168       0x16 ./Drivers/STM32F3xx_HAL_Driver/Src/stm32f3xx_hal_cortex.o
                0x0000000008001168                HAL_NVIC_SetPriorityGrouping
 .text.HAL_NVIC_SetPriority
                0x000000000800117e       0x38 ./Drivers/STM32F3xx_HAL_Driver/Src/stm32f3xx_hal_cortex.o
                0x000000000800117e                HAL_NVIC_SetPriority
 .text.HAL_SYSTICK_Config
                0x00000000080011b6       0x18 ./Drivers/STM32F3xx_HAL_Driver/Src/stm32f3xx_hal_cortex.o
                0x00000000080011b6                HAL_SYSTICK_Config
 *fill*         0x00000000080011ce        0x2 
 .text.HAL_GPIO_Init
                0x00000000080011d0      0x2f4 ./Drivers/STM32F3xx_HAL_Driver/Src/stm32f3xx_hal_gpio.o
                0x00000000080011d0                HAL_GPIO_Init
 .text.HAL_GPIO_WritePin
                0x00000000080014c4       0x30 ./Drivers/STM32F3xx_HAL_Driver/Src/stm32f3xx_hal_gpio.o
                0x00000000080014c4                HAL_GPIO_WritePin
 .text.HAL_I2C_Init
                0x00000000080014f4      0x11e ./Drivers/STM32F3xx_HAL_Driver/Src/stm32f3xx_hal_i2c.o
                0x00000000080014f4                HAL_I2C_Init
 .text.HAL_I2CEx_ConfigAnalogFilter
                0x0000000008001612       0x96 ./Drivers/STM32F3xx_HAL_Driver/Src/stm32f3xx_hal_i2c_ex.o
                0x0000000008001612                HAL_I2CEx_ConfigAnalogFilter
 .text.HAL_I2CEx_ConfigDigitalFilter
                0x00000000080016a8       0x98 ./Drivers/STM32F3xx_HAL_Driver/Src/stm32f3xx_hal_i2c_ex.o
                0x00000000080016a8                HAL_I2CEx_ConfigDigitalFilter
 .text.HAL_PCD_Init
                0x0000000008001740      0x1a4 ./Drivers/STM32F3xx_HAL_Driver/Src/stm32f3xx_hal_pcd.o
                0x0000000008001740                HAL_PCD_Init
 .text.HAL_RCC_OscConfig
                0x00000000080018e4     0x107c ./Drivers/STM32F3xx_HAL_Driver/Src/stm32f3xx_hal_rcc.o
                0x00000000080018e4                HAL_RCC_OscConfig
 .text.HAL_RCC_ClockConfig
                0x0000000008002960      0x2f8 ./Drivers/STM32F3xx_HAL_Driver/Src/stm32f3xx_hal_rcc.o
                0x0000000008002960                HAL_RCC_ClockConfig
 .text.HAL_RCC_GetSysClockFreq
                0x0000000008002c58       0xd4 ./Drivers/STM32F3xx_HAL_Driver/Src/stm32f3xx_hal_rcc.o
                0x0000000008002c58                HAL_RCC_GetSysClockFreq
 .text.HAL_RCCEx_PeriphCLKConfig
                0x0000000008002d2c      0x360 ./Drivers/STM32F3xx_HAL_Driver/Src/stm32f3xx_hal_rcc_ex.o
                0x0000000008002d2c                HAL_RCCEx_PeriphCLKConfig
 .text.HAL_SPI_Init
                0x000000000800308c      0x156 ./Drivers/STM32F3xx_HAL_Driver/Src/stm32f3xx_hal_spi.o
                0x000000000800308c                HAL_SPI_Init
 .text.USB_DisableGlobalInt
                0x00000000080031e2       0x36 ./Drivers/STM32F3xx_HAL_Driver/Src/stm32f3xx_ll_usb.o
                0x00000000080031e2                USB_DisableGlobalInt
 .text.USB_DevInit
                0x0000000008003218       0x42 ./Drivers/STM32F3xx_HAL_Driver/Src/stm32f3xx_ll_usb.o
                0x0000000008003218                USB_DevInit
 *fill*         0x000000000800325a        0x2 
 .text.__libc_init_array
                0x000000000800325c       0x48 c:/st/stm32cubeide_1.11.2/stm32cubeide/plugins/com.st.stm32cube.ide.mcu.externaltools.gnu-tools-for-stm32.10.3-2021.10.win32_1.0.100.202210260954/tools/bin/../lib/gcc/arm-none-eabi/10.3.1/../../../../arm-none-eabi/lib/thumb/v7e-m+fp/hard\libc_nano.a(lib_a-init.o)
                0x000000000800325c                __libc_init_array
 .text.memset   0x00000000080032a4       0x10 c:/st/stm32cubeide_1.11.2/stm32cubeide/plugins/com.st.stm32cube.ide.mcu.externaltools.gnu-tools-for-stm32.10.3-2021.10.win32_1.0.100.202210260954/tools/bin/../lib/gcc/arm-none-eabi/10.3.1/../../../../arm-none-eabi/lib/thumb/v7e-m+fp/hard\libc_nano.a(lib_a-memset.o)
                0x00000000080032a4                memset
 *(.glue_7)
 .glue_7        0x00000000080032b4        0x0 linker stubs
 *(.glue_7t)
 .glue_7t       0x00000000080032b4        0x0 linker stubs
 *(.eh_frame)
 .eh_frame      0x00000000080032b4        0x0 c:/st/stm32cubeide_1.11.2/stm32cubeide/plugins/com.st.stm32cube.ide.mcu.externaltools.gnu-tools-for-stm32.10.3-2021.10.win32_1.0.100.202210260954/tools/bin/../lib/gcc/arm-none-eabi/10.3.1/thumb/v7e-m+fp/hard/crtbegin.o
 *(.init)
 .init          0x00000000080032b4        0x4 c:/st/stm32cubeide_1.11.2/stm32cubeide/plugins/com.st.stm32cube.ide.mcu.externaltools.gnu-tools-for-stm32.10.3-2021.10.win32_1.0.100.202210260954/tools/bin/../lib/gcc/arm-none-eabi/10.3.1/thumb/v7e-m+fp/hard/crti.o
                0x00000000080032b4                _init
 .init          0x00000000080032b8        0x8 c:/st/stm32cubeide_1.11.2/stm32cubeide/plugins/com.st.stm32cube.ide.mcu.externaltools.gnu-tools-for-stm32.10.3-2021.10.win32_1.0.100.202210260954/tools/bin/../lib/gcc/arm-none-eabi/10.3.1/thumb/v7e-m+fp/hard/crtn.o
 *(.fini)
 .fini          0x00000000080032c0        0x4 c:/st/stm32cubeide_1.11.2/stm32cubeide/plugins/com.st.stm32cube.ide.mcu.externaltools.gnu-tools-for-stm32.10.3-2021.10.win32_1.0.100.202210260954/tools/bin/../lib/gcc/arm-none-eabi/10.3.1/thumb/v7e-m+fp/hard/crti.o
                0x00000000080032c0                _fini
 .fini          0x00000000080032c4        0x8 c:/st/stm32cubeide_1.11.2/stm32cubeide/plugins/com.st.stm32cube.ide.mcu.externaltools.gnu-tools-for-stm32.10.3-2021.10.win32_1.0.100.202210260954/tools/bin/../lib/gcc/arm-none-eabi/10.3.1/thumb/v7e-m+fp/hard/crtn.o
                0x00000000080032cc                . = ALIGN (0x4)
                0x00000000080032cc                _etext = .

.vfp11_veneer   0x00000000080032cc        0x0
 .vfp11_veneer  0x00000000080032cc        0x0 linker stubs

.v4_bx          0x00000000080032cc        0x0
 .v4_bx         0x00000000080032cc        0x0 linker stubs

.iplt           0x00000000080032cc        0x0
 .iplt          0x00000000080032cc        0x0 c:/st/stm32cubeide_1.11.2/stm32cubeide/plugins/com.st.stm32cube.ide.mcu.externaltools.gnu-tools-for-stm32.10.3-2021.10.win32_1.0.100.202210260954/tools/bin/../lib/gcc/arm-none-eabi/10.3.1/thumb/v7e-m+fp/hard/crtbegin.o

.rodata         0x00000000080032cc       0x48
                0x00000000080032cc                . = ALIGN (0x4)
 *(.rodata)
 .rodata        0x00000000080032cc       0x17 ./Core/Src/main.o
 *(.rodata*)
 *fill*         0x00000000080032e3        0x1 
 .rodata.AHBPrescTable
                0x00000000080032e4       0x10 ./Core/Src/system_stm32f3xx.o
                0x00000000080032e4                AHBPrescTable
 .rodata.aPLLMULFactorTable
                0x00000000080032f4       0x10 ./Drivers/STM32F3xx_HAL_Driver/Src/stm32f3xx_hal_rcc.o
 .rodata.aPredivFactorTable
                0x0000000008003304       0x10 ./Drivers/STM32F3xx_HAL_Driver/Src/stm32f3xx_hal_rcc.o
                0x0000000008003314                . = ALIGN (0x4)

.rel.dyn        0x0000000008003314        0x0
 .rel.iplt      0x0000000008003314        0x0 c:/st/stm32cubeide_1.11.2/stm32cubeide/plugins/com.st.stm32cube.ide.mcu.externaltools.gnu-tools-for-stm32.10.3-2021.10.win32_1.0.100.202210260954/tools/bin/../lib/gcc/arm-none-eabi/10.3.1/thumb/v7e-m+fp/hard/crtbegin.o

.ARM.extab      0x0000000008003314        0x0
                0x0000000008003314                . = ALIGN (0x4)
 *(.ARM.extab* .gnu.linkonce.armextab.*)
                0x0000000008003314                . = ALIGN (0x4)

.ARM            0x0000000008003314        0x0
                0x0000000008003314                . = ALIGN (0x4)
                0x0000000008003314                __exidx_start = .
 *(.ARM.exidx*)
                0x0000000008003314                __exidx_end = .
                0x0000000008003314                . = ALIGN (0x4)

.preinit_array  0x0000000008003314        0x0
                0x0000000008003314                . = ALIGN (0x4)
                0x0000000008003314                PROVIDE (__preinit_array_start = .)
 *(.preinit_array*)
                0x0000000008003314                PROVIDE (__preinit_array_end = .)
                0x0000000008003314                . = ALIGN (0x4)

.init_array     0x0000000008003314        0x4
                0x0000000008003314                . = ALIGN (0x4)
                0x0000000008003314                PROVIDE (__init_array_start = .)
 *(SORT_BY_NAME(.init_array.*))
 *(.init_array*)
 .init_array    0x0000000008003314        0x4 c:/st/stm32cubeide_1.11.2/stm32cubeide/plugins/com.st.stm32cube.ide.mcu.externaltools.gnu-tools-for-stm32.10.3-2021.10.win32_1.0.100.202210260954/tools/bin/../lib/gcc/arm-none-eabi/10.3.1/thumb/v7e-m+fp/hard/crtbegin.o
                0x0000000008003318                PROVIDE (__init_array_end = .)
                0x0000000008003318                . = ALIGN (0x4)

.fini_array     0x0000000008003318        0x4
                0x0000000008003318                . = ALIGN (0x4)
                [!provide]                        PROVIDE (__fini_array_start = .)
 *(SORT_BY_NAME(.fini_array.*))
 *(.fini_array*)
 .fini_array    0x0000000008003318        0x4 c:/st/stm32cubeide_1.11.2/stm32cubeide/plugins/com.st.stm32cube.ide.mcu.externaltools.gnu-tools-for-stm32.10.3-2021.10.win32_1.0.100.202210260954/tools/bin/../lib/gcc/arm-none-eabi/10.3.1/thumb/v7e-m+fp/hard/crtbegin.o
                [!provide]                        PROVIDE (__fini_array_end = .)
                0x000000000800331c                . = ALIGN (0x4)
                0x000000000800331c                _sidata = LOADADDR (.data)

.data           0x0000000020000000       0x10 load address 0x000000000800331c
                0x0000000020000000                . = ALIGN (0x4)
                0x0000000020000000                _sdata = .
 *(.data)
 *(.data*)
 .data._fourbit_mode
                0x0000000020000000        0x1 ./Core/Src/LiquidCrystal.o
                0x0000000020000000                _fourbit_mode
 *fill*         0x0000000020000001        0x3 
 .data.SystemCoreClock
                0x0000000020000004        0x4 ./Core/Src/system_stm32f3xx.o
                0x0000000020000004                SystemCoreClock
 .data.uwTickPrio
                0x0000000020000008        0x4 ./Drivers/STM32F3xx_HAL_Driver/Src/stm32f3xx_hal.o
                0x0000000020000008                uwTickPrio
 .data.uwTickFreq
                0x000000002000000c        0x1 ./Drivers/STM32F3xx_HAL_Driver/Src/stm32f3xx_hal.o
                0x000000002000000c                uwTickFreq
 *(.RamFunc)
 *(.RamFunc*)
                0x0000000020000010                . = ALIGN (0x4)
 *fill*         0x000000002000000d        0x3 
                0x0000000020000010                _edata = .
                0x000000000800332c                _siccmram = LOADADDR (.ccmram)

.igot.plt       0x0000000020000010        0x0 load address 0x000000000800332c
 .igot.plt      0x0000000020000010        0x0 c:/st/stm32cubeide_1.11.2/stm32cubeide/plugins/com.st.stm32cube.ide.mcu.externaltools.gnu-tools-for-stm32.10.3-2021.10.win32_1.0.100.202210260954/tools/bin/../lib/gcc/arm-none-eabi/10.3.1/thumb/v7e-m+fp/hard/crtbegin.o

.ccmram         0x0000000010000000        0x0 load address 0x000000000800332c
                0x0000000010000000                . = ALIGN (0x4)
                0x0000000010000000                _sccmram = .
 *(.ccmram)
 *(.ccmram*)
                0x0000000010000000                . = ALIGN (0x4)
                0x0000000010000000                _eccmram = .
                0x0000000010000000                . = ALIGN (0x4)

.bss            0x0000000020000010      0x3e8
                0x0000000020000010                _sbss = .
                0x0000000020000010                __bss_start__ = _sbss
 *(.bss)
 .bss           0x0000000020000010       0x1c c:/st/stm32cubeide_1.11.2/stm32cubeide/plugins/com.st.stm32cube.ide.mcu.externaltools.gnu-tools-for-stm32.10.3-2021.10.win32_1.0.100.202210260954/tools/bin/../lib/gcc/arm-none-eabi/10.3.1/thumb/v7e-m+fp/hard/crtbegin.o
 *(.bss*)
 .bss.dotsize   0x000000002000002c        0x1 ./Core/Src/LiquidCrystal.o
                0x000000002000002c                dotsize
 *fill*         0x000000002000002d        0x1 
 .bss._rs_pin   0x000000002000002e        0x2 ./Core/Src/LiquidCrystal.o
                0x000000002000002e                _rs_pin
 .bss._rw_pin   0x0000000020000030        0x2 ./Core/Src/LiquidCrystal.o
                0x0000000020000030                _rw_pin
 .bss._enable_pin
                0x0000000020000032        0x2 ./Core/Src/LiquidCrystal.o
                0x0000000020000032                _enable_pin
 .bss._data_pins
                0x0000000020000034       0x10 ./Core/Src/LiquidCrystal.o
                0x0000000020000034                _data_pins
 .bss._port     0x0000000020000044        0x4 ./Core/Src/LiquidCrystal.o
                0x0000000020000044                _port
 .bss._displayfunction
                0x0000000020000048        0x1 ./Core/Src/LiquidCrystal.o
                0x0000000020000048                _displayfunction
 .bss._displaycontrol
                0x0000000020000049        0x1 ./Core/Src/LiquidCrystal.o
                0x0000000020000049                _displaycontrol
 .bss._displaymode
                0x000000002000004a        0x1 ./Core/Src/LiquidCrystal.o
                0x000000002000004a                _displaymode
 .bss._numlines
                0x000000002000004b        0x1 ./Core/Src/LiquidCrystal.o
                0x000000002000004b                _numlines
 .bss._row_offsets
                0x000000002000004c        0x4 ./Core/Src/LiquidCrystal.o
                0x000000002000004c                _row_offsets
 .bss.hi2c1     0x0000000020000050       0x54 ./Core/Src/main.o
                0x0000000020000050                hi2c1
 .bss.hspi1     0x00000000200000a4       0x64 ./Core/Src/main.o
                0x00000000200000a4                hspi1
 .bss.hpcd_USB_FS
                0x0000000020000108      0x2ec ./Core/Src/main.o
                0x0000000020000108                hpcd_USB_FS
 .bss.uwTick    0x00000000200003f4        0x4 ./Drivers/STM32F3xx_HAL_Driver/Src/stm32f3xx_hal.o
                0x00000000200003f4                uwTick
 *(COMMON)
                0x00000000200003f8                . = ALIGN (0x4)
                0x00000000200003f8                _ebss = .
                0x00000000200003f8                __bss_end__ = _ebss

._user_heap_stack
                0x00000000200003f8      0x600
                0x00000000200003f8                . = ALIGN (0x8)
                [!provide]                        PROVIDE (end = .)
                0x00000000200003f8                PROVIDE (_end = .)
                0x00000000200005f8                . = (. + _Min_Heap_Size)
 *fill*         0x00000000200003f8      0x200 
                0x00000000200009f8                . = (. + _Min_Stack_Size)
 *fill*         0x00000000200005f8      0x400 
                0x00000000200009f8                . = ALIGN (0x8)

/DISCARD/
 libc.a(*)
 libm.a(*)
 libgcc.a(*)

.ARM.attributes
                0x0000000000000000       0x30
 *(.ARM.attributes)
 .ARM.attributes
                0x0000000000000000       0x1e c:/st/stm32cubeide_1.11.2/stm32cubeide/plugins/com.st.stm32cube.ide.mcu.externaltools.gnu-tools-for-stm32.10.3-2021.10.win32_1.0.100.202210260954/tools/bin/../lib/gcc/arm-none-eabi/10.3.1/thumb/v7e-m+fp/hard/crti.o
 .ARM.attributes
                0x000000000000001e       0x34 c:/st/stm32cubeide_1.11.2/stm32cubeide/plugins/com.st.stm32cube.ide.mcu.externaltools.gnu-tools-for-stm32.10.3-2021.10.win32_1.0.100.202210260954/tools/bin/../lib/gcc/arm-none-eabi/10.3.1/thumb/v7e-m+fp/hard/crtbegin.o
 .ARM.attributes
                0x0000000000000052       0x34 ./Core/Src/LiquidCrystal.o
 .ARM.attributes
                0x0000000000000086       0x34 ./Core/Src/main.o
 .ARM.attributes
                0x00000000000000ba       0x34 ./Core/Src/stm32f3xx_hal_msp.o
 .ARM.attributes
                0x00000000000000ee       0x34 ./Core/Src/stm32f3xx_it.o
 .ARM.attributes
                0x0000000000000122       0x34 ./Core/Src/system_stm32f3xx.o
 .ARM.attributes
                0x0000000000000156       0x21 ./Core/Startup/startup_stm32f303vctx.o
 .ARM.attributes
                0x0000000000000177       0x34 ./Drivers/STM32F3xx_HAL_Driver/Src/stm32f3xx_hal.o
 .ARM.attributes
                0x00000000000001ab       0x34 ./Drivers/STM32F3xx_HAL_Driver/Src/stm32f3xx_hal_cortex.o
 .ARM.attributes
                0x00000000000001df       0x34 ./Drivers/STM32F3xx_HAL_Driver/Src/stm32f3xx_hal_gpio.o
 .ARM.attributes
                0x0000000000000213       0x34 ./Drivers/STM32F3xx_HAL_Driver/Src/stm32f3xx_hal_i2c.o
 .ARM.attributes
                0x0000000000000247       0x34 ./Drivers/STM32F3xx_HAL_Driver/Src/stm32f3xx_hal_i2c_ex.o
 .ARM.attributes
                0x000000000000027b       0x34 ./Drivers/STM32F3xx_HAL_Driver/Src/stm32f3xx_hal_pcd.o
 .ARM.attributes
                0x00000000000002af       0x34 ./Drivers/STM32F3xx_HAL_Driver/Src/stm32f3xx_hal_rcc.o
 .ARM.attributes
                0x00000000000002e3       0x34 ./Drivers/STM32F3xx_HAL_Driver/Src/stm32f3xx_hal_rcc_ex.o
 .ARM.attributes
                0x0000000000000317       0x34 ./Drivers/STM32F3xx_HAL_Driver/Src/stm32f3xx_hal_spi.o
 .ARM.attributes
                0x000000000000034b       0x34 ./Drivers/STM32F3xx_HAL_Driver/Src/stm32f3xx_ll_usb.o
 .ARM.attributes
                0x000000000000037f       0x34 c:/st/stm32cubeide_1.11.2/stm32cubeide/plugins/com.st.stm32cube.ide.mcu.externaltools.gnu-tools-for-stm32.10.3-2021.10.win32_1.0.100.202210260954/tools/bin/../lib/gcc/arm-none-eabi/10.3.1/../../../../arm-none-eabi/lib/thumb/v7e-m+fp/hard\libc_nano.a(lib_a-init.o)
 .ARM.attributes
                0x00000000000003b3       0x34 c:/st/stm32cubeide_1.11.2/stm32cubeide/plugins/com.st.stm32cube.ide.mcu.externaltools.gnu-tools-for-stm32.10.3-2021.10.win32_1.0.100.202210260954/tools/bin/../lib/gcc/arm-none-eabi/10.3.1/../../../../arm-none-eabi/lib/thumb/v7e-m+fp/hard\libc_nano.a(lib_a-memset.o)
 .ARM.attributes
                0x00000000000003e7       0x17 c:/st/stm32cubeide_1.11.2/stm32cubeide/plugins/com.st.stm32cube.ide.mcu.externaltools.gnu-tools-for-stm32.10.3-2021.10.win32_1.0.100.202210260954/tools/bin/../lib/gcc/arm-none-eabi/10.3.1/../../../../arm-none-eabi/lib/thumb/v7e-m+fp/hard\libc_nano.a(lib_a-strlen.o)
 .ARM.attributes
                0x00000000000003fe       0x1e c:/st/stm32cubeide_1.11.2/stm32cubeide/plugins/com.st.stm32cube.ide.mcu.externaltools.gnu-tools-for-stm32.10.3-2021.10.win32_1.0.100.202210260954/tools/bin/../lib/gcc/arm-none-eabi/10.3.1/thumb/v7e-m+fp/hard/crtn.o
OUTPUT(LCDCar.elf elf32-littlearm)
LOAD linker stubs
LOAD c:/st/stm32cubeide_1.11.2/stm32cubeide/plugins/com.st.stm32cube.ide.mcu.externaltools.gnu-tools-for-stm32.10.3-2021.10.win32_1.0.100.202210260954/tools/bin/../lib/gcc/arm-none-eabi/10.3.1/../../../../arm-none-eabi/lib/thumb/v7e-m+fp/hard\libc.a
LOAD c:/st/stm32cubeide_1.11.2/stm32cubeide/plugins/com.st.stm32cube.ide.mcu.externaltools.gnu-tools-for-stm32.10.3-2021.10.win32_1.0.100.202210260954/tools/bin/../lib/gcc/arm-none-eabi/10.3.1/../../../../arm-none-eabi/lib/thumb/v7e-m+fp/hard\libm.a
LOAD c:/st/stm32cubeide_1.11.2/stm32cubeide/plugins/com.st.stm32cube.ide.mcu.externaltools.gnu-tools-for-stm32.10.3-2021.10.win32_1.0.100.202210260954/tools/bin/../lib/gcc/arm-none-eabi/10.3.1/thumb/v7e-m+fp/hard\libgcc.a

.debug_info     0x0000000000000000     0xde9f
 .debug_info    0x0000000000000000      0xa47 ./Core/Src/LiquidCrystal.o
 .debug_info    0x0000000000000a47     0x14b5 ./Core/Src/main.o
 .debug_info    0x0000000000001efc     0x116f ./Core/Src/stm32f3xx_hal_msp.o
 .debug_info    0x000000000000306b      0x122 ./Core/Src/stm32f3xx_it.o
 .debug_info    0x000000000000318d      0x416 ./Core/Src/system_stm32f3xx.o
 .debug_info    0x00000000000035a3       0x22 ./Core/Startup/startup_stm32f303vctx.o
 .debug_info    0x00000000000035c5      0x807 ./Drivers/STM32F3xx_HAL_Driver/Src/stm32f3xx_hal.o
 .debug_info    0x0000000000003dcc      0xd85 ./Drivers/STM32F3xx_HAL_Driver/Src/stm32f3xx_hal_cortex.o
 .debug_info    0x0000000000004b51      0x68a ./Drivers/STM32F3xx_HAL_Driver/Src/stm32f3xx_hal_gpio.o
 .debug_info    0x00000000000051db     0x226b ./Drivers/STM32F3xx_HAL_Driver/Src/stm32f3xx_hal_i2c.o
 .debug_info    0x0000000000007446      0x8ab ./Drivers/STM32F3xx_HAL_Driver/Src/stm32f3xx_hal_i2c_ex.o
 .debug_info    0x0000000000007cf1     0x1784 ./Drivers/STM32F3xx_HAL_Driver/Src/stm32f3xx_hal_pcd.o
 .debug_info    0x0000000000009475     0x1585 ./Drivers/STM32F3xx_HAL_Driver/Src/stm32f3xx_hal_rcc.o
 .debug_info    0x000000000000a9fa      0x628 ./Drivers/STM32F3xx_HAL_Driver/Src/stm32f3xx_hal_rcc_ex.o
 .debug_info    0x000000000000b022     0x178c ./Drivers/STM32F3xx_HAL_Driver/Src/stm32f3xx_hal_spi.o
 .debug_info    0x000000000000c7ae     0x16f1 ./Drivers/STM32F3xx_HAL_Driver/Src/stm32f3xx_ll_usb.o

.debug_abbrev   0x0000000000000000     0x201b
 .debug_abbrev  0x0000000000000000      0x283 ./Core/Src/LiquidCrystal.o
 .debug_abbrev  0x0000000000000283      0x2bb ./Core/Src/main.o
 .debug_abbrev  0x000000000000053e      0x1ec ./Core/Src/stm32f3xx_hal_msp.o
 .debug_abbrev  0x000000000000072a       0x74 ./Core/Src/stm32f3xx_it.o
 .debug_abbrev  0x000000000000079e      0x116 ./Core/Src/system_stm32f3xx.o
 .debug_abbrev  0x00000000000008b4       0x12 ./Core/Startup/startup_stm32f303vctx.o
 .debug_abbrev  0x00000000000008c6      0x20e ./Drivers/STM32F3xx_HAL_Driver/Src/stm32f3xx_hal.o
 .debug_abbrev  0x0000000000000ad4      0x316 ./Drivers/STM32F3xx_HAL_Driver/Src/stm32f3xx_hal_cortex.o
 .debug_abbrev  0x0000000000000dea      0x1bb ./Drivers/STM32F3xx_HAL_Driver/Src/stm32f3xx_hal_gpio.o
 .debug_abbrev  0x0000000000000fa5      0x24a ./Drivers/STM32F3xx_HAL_Driver/Src/stm32f3xx_hal_i2c.o
 .debug_abbrev  0x00000000000011ef      0x1b0 ./Drivers/STM32F3xx_HAL_Driver/Src/stm32f3xx_hal_i2c_ex.o
 .debug_abbrev  0x000000000000139f      0x2c0 ./Drivers/STM32F3xx_HAL_Driver/Src/stm32f3xx_hal_pcd.o
 .debug_abbrev  0x000000000000165f      0x2f9 ./Drivers/STM32F3xx_HAL_Driver/Src/stm32f3xx_hal_rcc.o
 .debug_abbrev  0x0000000000001958      0x240 ./Drivers/STM32F3xx_HAL_Driver/Src/stm32f3xx_hal_rcc_ex.o
 .debug_abbrev  0x0000000000001b98      0x254 ./Drivers/STM32F3xx_HAL_Driver/Src/stm32f3xx_hal_spi.o
 .debug_abbrev  0x0000000000001dec      0x22f ./Drivers/STM32F3xx_HAL_Driver/Src/stm32f3xx_ll_usb.o

.debug_aranges  0x0000000000000000      0xc10
 .debug_aranges
                0x0000000000000000       0xf8 ./Core/Src/LiquidCrystal.o
 .debug_aranges
                0x00000000000000f8       0x50 ./Core/Src/main.o
 .debug_aranges
                0x0000000000000148       0x50 ./Core/Src/stm32f3xx_hal_msp.o
 .debug_aranges
                0x0000000000000198       0x60 ./Core/Src/stm32f3xx_it.o
 .debug_aranges
                0x00000000000001f8       0x28 ./Core/Src/system_stm32f3xx.o
 .debug_aranges
                0x0000000000000220       0x28 ./Core/Startup/startup_stm32f303vctx.o
 .debug_aranges
                0x0000000000000248       0xe0 ./Drivers/STM32F3xx_HAL_Driver/Src/stm32f3xx_hal.o
 .debug_aranges
                0x0000000000000328      0x118 ./Drivers/STM32F3xx_HAL_Driver/Src/stm32f3xx_hal_cortex.o
 .debug_aranges
                0x0000000000000440       0x58 ./Drivers/STM32F3xx_HAL_Driver/Src/stm32f3xx_hal_gpio.o
 .debug_aranges
                0x0000000000000498      0x2a0 ./Drivers/STM32F3xx_HAL_Driver/Src/stm32f3xx_hal_i2c.o
 .debug_aranges
                0x0000000000000738       0x48 ./Drivers/STM32F3xx_HAL_Driver/Src/stm32f3xx_hal_i2c_ex.o
 .debug_aranges
                0x0000000000000780      0x140 ./Drivers/STM32F3xx_HAL_Driver/Src/stm32f3xx_hal_pcd.o
 .debug_aranges
                0x00000000000008c0       0x88 ./Drivers/STM32F3xx_HAL_Driver/Src/stm32f3xx_hal_rcc.o
 .debug_aranges
                0x0000000000000948       0x38 ./Drivers/STM32F3xx_HAL_Driver/Src/stm32f3xx_hal_rcc_ex.o
 .debug_aranges
                0x0000000000000980      0x1d8 ./Drivers/STM32F3xx_HAL_Driver/Src/stm32f3xx_hal_spi.o
 .debug_aranges
                0x0000000000000b58       0xb8 ./Drivers/STM32F3xx_HAL_Driver/Src/stm32f3xx_ll_usb.o

.debug_ranges   0x0000000000000000      0xb18
 .debug_ranges  0x0000000000000000       0xe8 ./Core/Src/LiquidCrystal.o
 .debug_ranges  0x00000000000000e8       0x40 ./Core/Src/main.o
 .debug_ranges  0x0000000000000128       0x40 ./Core/Src/stm32f3xx_hal_msp.o
 .debug_ranges  0x0000000000000168       0x50 ./Core/Src/stm32f3xx_it.o
 .debug_ranges  0x00000000000001b8       0x18 ./Core/Src/system_stm32f3xx.o
 .debug_ranges  0x00000000000001d0       0x20 ./Core/Startup/startup_stm32f303vctx.o
 .debug_ranges  0x00000000000001f0       0xd0 ./Drivers/STM32F3xx_HAL_Driver/Src/stm32f3xx_hal.o
 .debug_ranges  0x00000000000002c0      0x108 ./Drivers/STM32F3xx_HAL_Driver/Src/stm32f3xx_hal_cortex.o
 .debug_ranges  0x00000000000003c8       0x48 ./Drivers/STM32F3xx_HAL_Driver/Src/stm32f3xx_hal_gpio.o
 .debug_ranges  0x0000000000000410      0x290 ./Drivers/STM32F3xx_HAL_Driver/Src/stm32f3xx_hal_i2c.o
 .debug_ranges  0x00000000000006a0       0x38 ./Drivers/STM32F3xx_HAL_Driver/Src/stm32f3xx_hal_i2c_ex.o
 .debug_ranges  0x00000000000006d8      0x130 ./Drivers/STM32F3xx_HAL_Driver/Src/stm32f3xx_hal_pcd.o
 .debug_ranges  0x0000000000000808       0x78 ./Drivers/STM32F3xx_HAL_Driver/Src/stm32f3xx_hal_rcc.o
 .debug_ranges  0x0000000000000880       0x28 ./Drivers/STM32F3xx_HAL_Driver/Src/stm32f3xx_hal_rcc_ex.o
 .debug_ranges  0x00000000000008a8      0x1c8 ./Drivers/STM32F3xx_HAL_Driver/Src/stm32f3xx_hal_spi.o
 .debug_ranges  0x0000000000000a70       0xa8 ./Drivers/STM32F3xx_HAL_Driver/Src/stm32f3xx_ll_usb.o

.debug_macro    0x0000000000000000    0x1da09
 .debug_macro   0x0000000000000000      0x380 ./Core/Src/LiquidCrystal.o
 .debug_macro   0x0000000000000380      0xa78 ./Core/Src/LiquidCrystal.o
 .debug_macro   0x0000000000000df8      0x157 ./Core/Src/LiquidCrystal.o
 .debug_macro   0x0000000000000f4f       0x2e ./Core/Src/LiquidCrystal.o
 .debug_macro   0x0000000000000f7d       0x28 ./Core/Src/LiquidCrystal.o
 .debug_macro   0x0000000000000fa5       0x22 ./Core/Src/LiquidCrystal.o
 .debug_macro   0x0000000000000fc7       0x8e ./Core/Src/LiquidCrystal.o
 .debug_macro   0x0000000000001055       0x51 ./Core/Src/LiquidCrystal.o
 .debug_macro   0x00000000000010a6      0x103 ./Core/Src/LiquidCrystal.o
 .debug_macro   0x00000000000011a9       0x6a ./Core/Src/LiquidCrystal.o
 .debug_macro   0x0000000000001213      0x1df ./Core/Src/LiquidCrystal.o
 .debug_macro   0x00000000000013f2       0x1c ./Core/Src/LiquidCrystal.o
 .debug_macro   0x000000000000140e       0x22 ./Core/Src/LiquidCrystal.o
 .debug_macro   0x0000000000001430       0xd9 ./Core/Src/LiquidCrystal.o
 .debug_macro   0x0000000000001509     0x102d ./Core/Src/LiquidCrystal.o
 .debug_macro   0x0000000000002536      0x11f ./Core/Src/LiquidCrystal.o
 .debug_macro   0x0000000000002655    0x12a3a ./Core/Src/LiquidCrystal.o
 .debug_macro   0x000000000001508f       0x6d ./Core/Src/LiquidCrystal.o
 .debug_macro   0x00000000000150fc     0x3558 ./Core/Src/LiquidCrystal.o
 .debug_macro   0x0000000000018654      0x174 ./Core/Src/LiquidCrystal.o
 .debug_macro   0x00000000000187c8       0x55 ./Core/Src/LiquidCrystal.o
 .debug_macro   0x000000000001881d      0x961 ./Core/Src/LiquidCrystal.o
 .debug_macro   0x000000000001917e      0x5fe ./Core/Src/LiquidCrystal.o
 .debug_macro   0x000000000001977c      0x1b5 ./Core/Src/LiquidCrystal.o
 .debug_macro   0x0000000000019931      0x1fb ./Core/Src/LiquidCrystal.o
 .debug_macro   0x0000000000019b2c      0x1dc ./Core/Src/LiquidCrystal.o
 .debug_macro   0x0000000000019d08      0x1bc ./Core/Src/LiquidCrystal.o
 .debug_macro   0x0000000000019ec4       0x30 ./Core/Src/LiquidCrystal.o
 .debug_macro   0x0000000000019ef4       0x3c ./Core/Src/LiquidCrystal.o
 .debug_macro   0x0000000000019f30      0x235 ./Core/Src/LiquidCrystal.o
 .debug_macro   0x000000000001a165       0xc5 ./Core/Src/LiquidCrystal.o
 .debug_macro   0x000000000001a22a      0x21d ./Core/Src/LiquidCrystal.o
 .debug_macro   0x000000000001a447      0x22c ./Core/Src/LiquidCrystal.o
 .debug_macro   0x000000000001a673       0x5b ./Core/Src/LiquidCrystal.o
 .debug_macro   0x000000000001a6ce       0xa5 ./Core/Src/LiquidCrystal.o
 .debug_macro   0x000000000001a773       0x73 ./Core/Src/LiquidCrystal.o
 .debug_macro   0x000000000001a7e6      0x242 ./Core/Src/LiquidCrystal.o
 .debug_macro   0x000000000001aa28       0x81 ./Core/Src/LiquidCrystal.o
 .debug_macro   0x000000000001aaa9       0xd3 ./Core/Src/LiquidCrystal.o
 .debug_macro   0x000000000001ab7c      0x2fe ./Core/Src/LiquidCrystal.o
 .debug_macro   0x000000000001ae7a      0x275 ./Core/Src/LiquidCrystal.o
 .debug_macro   0x000000000001b0ef       0xb2 ./Core/Src/LiquidCrystal.o
 .debug_macro   0x000000000001b1a1       0x52 ./Core/Src/LiquidCrystal.o
 .debug_macro   0x000000000001b1f3       0x1e ./Core/Src/LiquidCrystal.o
 .debug_macro   0x000000000001b211       0x3c ./Core/Src/LiquidCrystal.o
 .debug_macro   0x000000000001b24d       0x34 ./Core/Src/LiquidCrystal.o
 .debug_macro   0x000000000001b281       0x16 ./Core/Src/LiquidCrystal.o
 .debug_macro   0x000000000001b297       0x35 ./Core/Src/LiquidCrystal.o
 .debug_macro   0x000000000001b2cc      0x341 ./Core/Src/LiquidCrystal.o
 .debug_macro   0x000000000001b60d       0x10 ./Core/Src/LiquidCrystal.o
 .debug_macro   0x000000000001b61d       0x16 ./Core/Src/LiquidCrystal.o
 .debug_macro   0x000000000001b633       0x43 ./Core/Src/LiquidCrystal.o
 .debug_macro   0x000000000001b676       0x34 ./Core/Src/LiquidCrystal.o
 .debug_macro   0x000000000001b6aa       0x10 ./Core/Src/LiquidCrystal.o
 .debug_macro   0x000000000001b6ba       0x58 ./Core/Src/LiquidCrystal.o
 .debug_macro   0x000000000001b712       0x71 ./Core/Src/LiquidCrystal.o
 .debug_macro   0x000000000001b783       0x1c ./Core/Src/LiquidCrystal.o
 .debug_macro   0x000000000001b79f      0x12a ./Core/Src/LiquidCrystal.o
 .debug_macro   0x000000000001b8c9       0x10 ./Core/Src/LiquidCrystal.o
 .debug_macro   0x000000000001b8d9       0x1c ./Core/Src/LiquidCrystal.o
 .debug_macro   0x000000000001b8f5       0x52 ./Core/Src/LiquidCrystal.o
 .debug_macro   0x000000000001b947       0x22 ./Core/Src/LiquidCrystal.o
 .debug_macro   0x000000000001b969       0x10 ./Core/Src/LiquidCrystal.o
 .debug_macro   0x000000000001b979       0x52 ./Core/Src/LiquidCrystal.o
 .debug_macro   0x000000000001b9cb       0xd5 ./Core/Src/LiquidCrystal.o
 .debug_macro   0x000000000001baa0       0x1c ./Core/Src/LiquidCrystal.o
 .debug_macro   0x000000000001babc       0x3d ./Core/Src/LiquidCrystal.o
 .debug_macro   0x000000000001baf9       0x16 ./Core/Src/LiquidCrystal.o
 .debug_macro   0x000000000001bb0f      0x145 ./Core/Src/LiquidCrystal.o
 .debug_macro   0x000000000001bc54       0x16 ./Core/Src/LiquidCrystal.o
 .debug_macro   0x000000000001bc6a       0x20 ./Core/Src/LiquidCrystal.o
 .debug_macro   0x000000000001bc8a      0x200 ./Core/Src/main.o
 .debug_macro   0x000000000001be8a      0x160 ./Core/Src/main.o
 .debug_macro   0x000000000001bfea      0x1f7 ./Core/Src/stm32f3xx_hal_msp.o
 .debug_macro   0x000000000001c1e1      0x201 ./Core/Src/stm32f3xx_it.o
 .debug_macro   0x000000000001c3e2      0x1e8 ./Core/Src/system_stm32f3xx.o
 .debug_macro   0x000000000001c5ca      0x20c ./Drivers/STM32F3xx_HAL_Driver/Src/stm32f3xx_hal.o
 .debug_macro   0x000000000001c7d6      0x1e8 ./Drivers/STM32F3xx_HAL_Driver/Src/stm32f3xx_hal_cortex.o
 .debug_macro   0x000000000001c9be      0x1ef ./Drivers/STM32F3xx_HAL_Driver/Src/stm32f3xx_hal_gpio.o
 .debug_macro   0x000000000001cbad      0x2b4 ./Drivers/STM32F3xx_HAL_Driver/Src/stm32f3xx_hal_i2c.o
 .debug_macro   0x000000000001ce61      0x1e8 ./Drivers/STM32F3xx_HAL_Driver/Src/stm32f3xx_hal_i2c_ex.o
 .debug_macro   0x000000000001d049      0x1f4 ./Drivers/STM32F3xx_HAL_Driver/Src/stm32f3xx_hal_pcd.o
 .debug_macro   0x000000000001d23d      0x20c ./Drivers/STM32F3xx_HAL_Driver/Src/stm32f3xx_hal_rcc.o
 .debug_macro   0x000000000001d449      0x1e8 ./Drivers/STM32F3xx_HAL_Driver/Src/stm32f3xx_hal_rcc_ex.o
 .debug_macro   0x000000000001d631      0x1f0 ./Drivers/STM32F3xx_HAL_Driver/Src/stm32f3xx_hal_spi.o
 .debug_macro   0x000000000001d821      0x1e8 ./Drivers/STM32F3xx_HAL_Driver/Src/stm32f3xx_ll_usb.o

.debug_line     0x0000000000000000     0xf2c1
 .debug_line    0x0000000000000000      0xdf1 ./Core/Src/LiquidCrystal.o
 .debug_line    0x0000000000000df1      0x8ad ./Core/Src/main.o
 .debug_line    0x000000000000169e      0x7eb ./Core/Src/stm32f3xx_hal_msp.o
 .debug_line    0x0000000000001e89      0x7c5 ./Core/Src/stm32f3xx_it.o
 .debug_line    0x000000000000264e      0x779 ./Core/Src/system_stm32f3xx.o
 .debug_line    0x0000000000002dc7       0x88 ./Core/Startup/startup_stm32f303vctx.o
 .debug_line    0x0000000000002e4f      0x9ae ./Drivers/STM32F3xx_HAL_Driver/Src/stm32f3xx_hal.o
 .debug_line    0x00000000000037fd      0xc73 ./Drivers/STM32F3xx_HAL_Driver/Src/stm32f3xx_hal_cortex.o
 .debug_line    0x0000000000004470      0xb0d ./Drivers/STM32F3xx_HAL_Driver/Src/stm32f3xx_hal_gpio.o
 .debug_line    0x0000000000004f7d     0x377d ./Drivers/STM32F3xx_HAL_Driver/Src/stm32f3xx_hal_i2c.o
 .debug_line    0x00000000000086fa      0x920 ./Drivers/STM32F3xx_HAL_Driver/Src/stm32f3xx_hal_i2c_ex.o
 .debug_line    0x000000000000901a     0x12f5 ./Drivers/STM32F3xx_HAL_Driver/Src/stm32f3xx_hal_pcd.o
 .debug_line    0x000000000000a30f     0x138b ./Drivers/STM32F3xx_HAL_Driver/Src/stm32f3xx_hal_rcc.o
 .debug_line    0x000000000000b69a      0xd17 ./Drivers/STM32F3xx_HAL_Driver/Src/stm32f3xx_hal_rcc_ex.o
 .debug_line    0x000000000000c3b1     0x1f69 ./Drivers/STM32F3xx_HAL_Driver/Src/stm32f3xx_hal_spi.o
 .debug_line    0x000000000000e31a      0xfa7 ./Drivers/STM32F3xx_HAL_Driver/Src/stm32f3xx_ll_usb.o

.debug_str      0x0000000000000000    0xaf231
 .debug_str     0x0000000000000000    0xab50e ./Core/Src/LiquidCrystal.o
                                      0xabbf2 (size before relaxing)
 .debug_str     0x00000000000ab50e     0x1168 ./Core/Src/main.o
                                      0xa8e5f (size before relaxing)
 .debug_str     0x00000000000ac676       0xce ./Core/Src/stm32f3xx_hal_msp.o
                                      0xa88e7 (size before relaxing)
 .debug_str     0x00000000000ac744       0xc9 ./Core/Src/stm32f3xx_it.o
                                      0xa7e3b (size before relaxing)
 .debug_str     0x00000000000ac80d       0xdf ./Core/Src/system_stm32f3xx.o
                                      0xa79b1 (size before relaxing)
 .debug_str     0x00000000000ac8ec       0x36 ./Core/Startup/startup_stm32f303vctx.o
                                         0x70 (size before relaxing)
 .debug_str     0x00000000000ac922      0x6b3 ./Drivers/STM32F3xx_HAL_Driver/Src/stm32f3xx_hal.o
                                      0xa81ef (size before relaxing)
 .debug_str     0x00000000000acfd5      0x34e ./Drivers/STM32F3xx_HAL_Driver/Src/stm32f3xx_hal_cortex.o
                                      0xa8241 (size before relaxing)
 .debug_str     0x00000000000ad323      0x130 ./Drivers/STM32F3xx_HAL_Driver/Src/stm32f3xx_hal_gpio.o
                                      0xa7b1e (size before relaxing)
 .debug_str     0x00000000000ad453      0xe4f ./Drivers/STM32F3xx_HAL_Driver/Src/stm32f3xx_hal_i2c.o
                                      0xa8cb4 (size before relaxing)
 .debug_str     0x00000000000ae2a2       0xb8 ./Drivers/STM32F3xx_HAL_Driver/Src/stm32f3xx_hal_i2c_ex.o
                                      0xa7ed2 (size before relaxing)
 .debug_str     0x00000000000ae35a      0x507 ./Drivers/STM32F3xx_HAL_Driver/Src/stm32f3xx_hal_pcd.o
                                      0xa81c6 (size before relaxing)
 .debug_str     0x00000000000ae861      0x2c6 ./Drivers/STM32F3xx_HAL_Driver/Src/stm32f3xx_hal_rcc.o
                                      0xa7e51 (size before relaxing)
 .debug_str     0x00000000000aeb27       0xbe ./Drivers/STM32F3xx_HAL_Driver/Src/stm32f3xx_hal_rcc_ex.o
                                      0xa7c15 (size before relaxing)
 .debug_str     0x00000000000aebe5      0x574 ./Drivers/STM32F3xx_HAL_Driver/Src/stm32f3xx_hal_spi.o
                                      0xa82d7 (size before relaxing)
 .debug_str     0x00000000000af159       0xd8 ./Drivers/STM32F3xx_HAL_Driver/Src/stm32f3xx_ll_usb.o
                                      0xa7d1b (size before relaxing)

.comment        0x0000000000000000       0x50
 .comment       0x0000000000000000       0x50 ./Core/Src/LiquidCrystal.o
                                         0x51 (size before relaxing)
 .comment       0x0000000000000050       0x51 ./Core/Src/main.o
 .comment       0x0000000000000050       0x51 ./Core/Src/stm32f3xx_hal_msp.o
 .comment       0x0000000000000050       0x51 ./Core/Src/stm32f3xx_it.o
 .comment       0x0000000000000050       0x51 ./Core/Src/system_stm32f3xx.o
 .comment       0x0000000000000050       0x51 ./Drivers/STM32F3xx_HAL_Driver/Src/stm32f3xx_hal.o
 .comment       0x0000000000000050       0x51 ./Drivers/STM32F3xx_HAL_Driver/Src/stm32f3xx_hal_cortex.o
 .comment       0x0000000000000050       0x51 ./Drivers/STM32F3xx_HAL_Driver/Src/stm32f3xx_hal_gpio.o
 .comment       0x0000000000000050       0x51 ./Drivers/STM32F3xx_HAL_Driver/Src/stm32f3xx_hal_i2c.o
 .comment       0x0000000000000050       0x51 ./Drivers/STM32F3xx_HAL_Driver/Src/stm32f3xx_hal_i2c_ex.o
 .comment       0x0000000000000050       0x51 ./Drivers/STM32F3xx_HAL_Driver/Src/stm32f3xx_hal_pcd.o
 .comment       0x0000000000000050       0x51 ./Drivers/STM32F3xx_HAL_Driver/Src/stm32f3xx_hal_rcc.o
 .comment       0x0000000000000050       0x51 ./Drivers/STM32F3xx_HAL_Driver/Src/stm32f3xx_hal_rcc_ex.o
 .comment       0x0000000000000050       0x51 ./Drivers/STM32F3xx_HAL_Driver/Src/stm32f3xx_hal_spi.o
 .comment       0x0000000000000050       0x51 ./Drivers/STM32F3xx_HAL_Driver/Src/stm32f3xx_ll_usb.o

.debug_frame    0x0000000000000000     0x3178
 .debug_frame   0x0000000000000000      0x394 ./Core/Src/LiquidCrystal.o
 .debug_frame   0x0000000000000394       0xe8 ./Core/Src/main.o
 .debug_frame   0x000000000000047c      0x10c ./Core/Src/stm32f3xx_hal_msp.o
 .debug_frame   0x0000000000000588      0x104 ./Core/Src/stm32f3xx_it.o
 .debug_frame   0x000000000000068c       0x58 ./Core/Src/system_stm32f3xx.o
 .debug_frame   0x00000000000006e4      0x334 ./Drivers/STM32F3xx_HAL_Driver/Src/stm32f3xx_hal.o
 .debug_frame   0x0000000000000a18      0x498 ./Drivers/STM32F3xx_HAL_Driver/Src/stm32f3xx_hal_cortex.o
 .debug_frame   0x0000000000000eb0      0x14c ./Drivers/STM32F3xx_HAL_Driver/Src/stm32f3xx_hal_gpio.o
 .debug_frame   0x0000000000000ffc      0xc38 ./Drivers/STM32F3xx_HAL_Driver/Src/stm32f3xx_hal_i2c.o
 .debug_frame   0x0000000000001c34      0x100 ./Drivers/STM32F3xx_HAL_Driver/Src/stm32f3xx_hal_i2c_ex.o
 .debug_frame   0x0000000000001d34      0x59c ./Drivers/STM32F3xx_HAL_Driver/Src/stm32f3xx_hal_pcd.o
 .debug_frame   0x00000000000022d0      0x214 ./Drivers/STM32F3xx_HAL_Driver/Src/stm32f3xx_hal_rcc.o
 .debug_frame   0x00000000000024e4       0xb0 ./Drivers/STM32F3xx_HAL_Driver/Src/stm32f3xx_hal_rcc_ex.o
 .debug_frame   0x0000000000002594      0x860 ./Drivers/STM32F3xx_HAL_Driver/Src/stm32f3xx_hal_spi.o
 .debug_frame   0x0000000000002df4      0x338 ./Drivers/STM32F3xx_HAL_Driver/Src/stm32f3xx_ll_usb.o
 .debug_frame   0x000000000000312c       0x2c c:/st/stm32cubeide_1.11.2/stm32cubeide/plugins/com.st.stm32cube.ide.mcu.externaltools.gnu-tools-for-stm32.10.3-2021.10.win32_1.0.100.202210260954/tools/bin/../lib/gcc/arm-none-eabi/10.3.1/../../../../arm-none-eabi/lib/thumb/v7e-m+fp/hard\libc_nano.a(lib_a-init.o)
 .debug_frame   0x0000000000003158       0x20 c:/st/stm32cubeide_1.11.2/stm32cubeide/plugins/com.st.stm32cube.ide.mcu.externaltools.gnu-tools-for-stm32.10.3-2021.10.win32_1.0.100.202210260954/tools/bin/../lib/gcc/arm-none-eabi/10.3.1/../../../../arm-none-eabi/lib/thumb/v7e-m+fp/hard\libc_nano.a(lib_a-memset.o)
