../Core/Src/main.c:71:6:buzzerInit	8	static
../Core/Src/main.c:77:6:buzzerChangeTone	40	static
../Core/Src/main.c:101:5:main	8	static
../Core/Src/main.c:149:6:SystemClock_Config	128	static
../Core/Src/main.c:200:13:MX_I2C1_Init	8	static
../Core/Src/main.c:248:13:MX_SPI1_Init	8	static
../Core/Src/main.c:288:13:MX_TIM1_Init	112	static
../Core/Src/main.c:368:13:MX_USB_PCD_Init	8	static
../Core/Src/main.c:399:13:MX_GPIO_Init	48	static
../Core/Src/main.c:450:6:Error_Handler	4	static,ignoring_inline_asm
