13:30:48 **** Incremental Build of configuration Debug for project LCDCar ****
make -j16 all 
arm-none-eabi-gcc "../Core/Src/main.c" -mcpu=cortex-m4 -std=gnu11 -g3 -DDEBUG -DUSE_HAL_DRIVER -DSTM32F303xC -c -I../Core/Inc -I../Drivers/STM32F3xx_HAL_Driver/Inc -I../Drivers/STM32F3xx_HAL_Driver/Inc/Legacy -I../Drivers/CMSIS/Device/ST/STM32F3xx/Include -I../Drivers/CMSIS/Include -O0 -ffunction-sections -fdata-sections -Wall -fstack-usage -MMD -MP -MF"Core/Src/main.d" -MT"Core/Src/main.o" --specs=nano.specs -mfpu=fpv4-sp-d16 -mfloat-abi=hard -mthumb -o "Core/Src/main.o"
arm-none-eabi-gcc -o "LCDCar.elf" @"objects.list"   -mcpu=cortex-m4 -T"C:\Users\smhho\STM32CubeIDE\workspace_1.11.2\LCDCar\STM32F303VCTX_FLASH.ld" --specs=nosys.specs -Wl,-Map="LCDCar.map" -Wl,--gc-sections -static --specs=nano.specs -mfpu=fpv4-sp-d16 -mfloat-abi=hard -mthumb -Wl,--start-group -lc -lm -Wl,--end-group
Finished building target: LCDCar.elf
 
arm-none-eabi-size   LCDCar.elf 
arm-none-eabi-objdump -h -S  LCDCar.elf  > "LCDCar.list"
   text	   data	    bss	    dec	    hex	filename
  13076	     24	   2536	  15636	   3d14	LCDCar.elf
Finished building: default.size.stdout
 
Finished building: LCDCar.list
 

13:30:48 Build Finished. 0 errors, 0 warnings. (took 606ms)

