19:18:45 **** Incremental Build of configuration Debug for project test3 ****
make -j16 all 
arm-none-eabi-gcc "../Core/Src/stm32f3xx_it.c" -mcpu=cortex-m4 -std=gnu11 -g3 -DDEBUG -DUSE_HAL_DRIVER -DSTM32F303xC -c -I../Core/Inc -I../Drivers/STM32F3xx_HAL_Driver/Inc -I../Drivers/STM32F3xx_HAL_Driver/Inc/Legacy -I../Drivers/CMSIS/Device/ST/STM32F3xx/Include -I../Drivers/CMSIS/Include -O0 -ffunction-sections -fdata-sections -Wall -fstack-usage -MMD -MP -MF"Core/Src/stm32f3xx_it.d" -MT"Core/Src/stm32f3xx_it.o" --specs=nano.specs -mfpu=fpv4-sp-d16 -mfloat-abi=hard -mthumb -o "Core/Src/stm32f3xx_it.o"
../Core/Src/stm32f3xx_it.c: In function 'TIM4_IRQHandler':
../Core/Src/stm32f3xx_it.c:291:4: warning: implicit declaration of function 'buzzerChangeTone' [-Wimplicit-function-declaration]
  291 |    buzzerChangeTone(0, 3);
      |    ^~~~~~~~~~~~~~~~
../Core/Src/stm32f3xx_it.c:302:6: warning: unused variable 'd' [-Wunused-variable]
  302 |  int d = (int)((buzzer_time - (a*1000 + b + c*0.1))*100);
      |      ^
arm-none-eabi-gcc -o "test3.elf" @"objects.list"   -mcpu=cortex-m4 -T"C:\darsi\Micro_Processors\MBN\microcontrollerTest3\STM32F303VCTX_FLASH.ld" --specs=nosys.specs -Wl,-Map="test3.map" -Wl,--gc-sections -static --specs=nano.specs -mfpu=fpv4-sp-d16 -mfloat-abi=hard -mthumb -Wl,--start-group -lc -lm -Wl,--end-group
Finished building target: test3.elf
 
arm-none-eabi-size   test3.elf 
arm-none-eabi-objdump -h -S  test3.elf  > "test3.list"
   text	   data	    bss	    dec	    hex	filename
  28528	     28	   2820	  31376	   7a90	test3.elf
Finished building: default.size.stdout
 
Finished building: test3.list
 

19:18:47 Build Finished. 0 errors, 2 warnings. (took 1s.876ms)

